misdeal | gshs | gshs: 40000 games ok, 65.3 steps per game, focus bot averages -0.09 ± 0.12 per hand, -0.028 ± 0.051 over the baseline, thinking median 0.0 ms, p99 0 ms, at most 59 ms per decision (baseline median 0.0 ms, p99 0 ms, at most 102 ms per decision) (38 s)
misdeal | default | default: 40000 games ok, 66.9 steps per game, focus bot averages -0.07 ± 0.08 per hand, +0.019 ± 0.017 over the baseline, thinking median 0.0 ms, p99 0 ms, at most 63 ms per decision (baseline median 0.0 ms, p99 0 ms, at most 81 ms per decision) (30 s)
misdeal | gshs | gshs: 200000 games ok, 65.3 steps per game, focus bot averages -0.00 ± 0.05 per hand, -0.005 ± 0.023 over the baseline, thinking median 0.0 ms, p99 0 ms, at most 124 ms per decision (baseline median 0.0 ms, p99 0 ms, at most 45 ms per decision) (100 s)
misdeal | default | default: 200000 games ok, 66.9 steps per game, focus bot averages +0.02 ± 0.04 per hand, +0.019 ± 0.007 over the baseline, thinking median 0.0 ms, p99 0 ms, at most 69 ms per decision (baseline median 0.0 ms, p99 0 ms, at most 60 ms per decision) (95 s)
bid_base6.0 | gshs | gshs: 200000 games ok, 63.6 steps per game, focus bot averages +0.20 ± 0.05 per hand, +0.211 ± 0.024 over the baseline, thinking median 0.0 ms, p99 0 ms, at most 58 ms per decision (baseline median 0.0 ms, p99 0 ms, at most 47 ms per decision) (109 s)
bid_base6.0 | default | default: 200000 games ok, 66.6 steps per game, focus bot averages +0.03 ± 0.03 per hand, +0.030 ± 0.015 over the baseline, thinking median 0.0 ms, p99 0 ms, at most 89 ms per decision (baseline median 0.0 ms, p99 0 ms, at most 118 ms per decision) (138 s)
spread1.9 | gshs | gshs: 200000 games ok, 63.7 steps per game, focus bot averages +0.07 ± 0.05 per hand, +0.117 ± 0.022 over the baseline, thinking median 0.0 ms, p99 0 ms, at most 99 ms per decision (baseline median 0.0 ms, p99 0 ms, at most 39 ms per decision) (140 s)
spread1.9 | default | default: 200000 games ok, 66.5 steps per game, focus bot averages +0.02 ± 0.03 per hand, +0.005 ± 0.003 over the baseline, thinking median 0.0 ms, p99 0 ms, at most 132 ms per decision (baseline median 0.0 ms, p99 0 ms, at most 115 ms per decision) (116 s)
spread3 | gshs | gshs: 200000 games ok, 63.7 steps per game, focus bot averages +0.07 ± 0.05 per hand, +0.123 ± 0.024 over the baseline, thinking median 0.0 ms, p99 0 ms, at most 125 ms per decision (baseline median 0.0 ms, p99 0 ms, at most 37 ms per decision) (101 s)
spread3 | default | default: 200000 games ok, 66.5 steps per game, focus bot averages +0.02 ± 0.03 per hand, +0.005 ± 0.003 over the baseline, thinking median 0.0 ms, p99 0 ms, at most 13 ms per decision (baseline median 0.0 ms, p99 0 ms, at most 36 ms per decision) (72 s)
spread4 | gshs | gshs: 200000 games ok, 63.7 steps per game, focus bot averages +0.08 ± 0.05 per hand, +0.131 ± 0.026 over the baseline, thinking median 0.0 ms, p99 0 ms, at most 6 ms per decision (baseline median 0.0 ms, p99 0 ms, at most 8 ms per decision) (65 s)
spread4 | default | default: 200000 games ok, 66.5 steps per game, focus bot averages +0.02 ± 0.03 per hand, +0.005 ± 0.003 over the baseline, thinking median 0.0 ms, p99 0 ms, at most 75 ms per decision (baseline median 0.0 ms, p99 0 ms, at most 50 ms per decision) (95 s)
spread5 | gshs | gshs: 200000 games ok, 63.7 steps per game, focus bot averages +0.07 ± 0.04 per hand, +0.117 ± 0.029 over the baseline, thinking median 0.0 ms, p99 0 ms, at most 20 ms per decision (baseline median 0.0 ms, p99 0 ms, at most 26 ms per decision) (85 s)
spread7 | gshs | gshs: 200000 games ok, 63.8 steps per game, focus bot averages +0.00 ± 0.04 per hand, +0.052 ± 0.032 over the baseline, thinking median 0.0 ms, p99 0 ms, at most 18 ms per decision (baseline median 0.0 ms, p99 0 ms, at most 24 ms per decision) (73 s)
spread4-vs-1.9 | gshs | gshs: 200000 games ok, 64.3 steps per game, focus bot averages -0.01 ± 0.05 per hand, +0.007 ± 0.016 over the baseline, thinking median 0.0 ms, p99 0 ms, at most 31 ms per decision (baseline median 0.0 ms, p99 0 ms, at most 8 ms per decision) (64 s)
bid_base5.5 | gshs | gshs: 200000 games ok, 64.5 steps per game, focus bot averages -0.09 ± 0.05 per hand, -0.068 ± 0.023 over the baseline, thinking median 0.0 ms, p99 0 ms, at most 40 ms per decision (baseline median 0.0 ms, p99 0 ms, at most 18 ms per decision) (82 s)
bid_base5.5 | default | default: 200000 games ok, 66.9 steps per game, focus bot averages -0.02 ± 0.03 per hand, -0.037 ± 0.014 over the baseline, thinking median 0.0 ms, p99 0 ms, at most 18 ms per decision (baseline median 0.0 ms, p99 0 ms, at most 17 ms per decision) (75 s)
aim_joker_call | gshs | gshs: 200000 games ok, 64.2 steps per game, focus bot averages -0.01 ± 0.05 per hand, +0.011 ± 0.006 over the baseline, thinking median 0.0 ms, p99 0 ms, at most 91 ms per decision (baseline median 0.0 ms, p99 0 ms, at most 18 ms per decision) (81 s)
aim_joker_call | default | default: 200000 games ok, 66.7 steps per game, focus bot averages +0.01 ± 0.03 per hand, +0.000 ± 0.000 over the baseline, thinking median 0.0 ms, p99 0 ms, at most 0 ms per decision (baseline median 0.0 ms, p99 0 ms, at most 1 ms per decision) (27 s)
spare_declarer_joker | gshs | gshs: 200000 games ok, 64.2 steps per game, focus bot averages -0.00 ± 0.05 per hand, +0.019 ± 0.005 over the baseline, thinking median 0.0 ms, p99 0 ms, at most 0 ms per decision (baseline median 0.0 ms, p99 0 ms, at most 0 ms per decision) (28 s)
spare_declarer_joker | default | default: 200000 games ok, 66.7 steps per game, focus bot averages +0.02 ± 0.03 per hand, +0.010 ± 0.003 over the baseline, thinking median 0.0 ms, p99 0 ms, at most 0 ms per decision (baseline median 0.0 ms, p99 0 ms, at most 0 ms per decision) (27 s)
temper+0.4vs0.2 | gshs | gshs: 200000 games ok, 64.0 steps per game, focus bot averages -0.12 ± 0.05 per hand, -0.068 ± 0.019 over the baseline, thinking median 0.0 ms, p99 0 ms, at most 0 ms per decision (baseline median 0.0 ms, p99 0 ms, at most 0 ms per decision) (27 s)
temper+0.4vs0.2 | default | default: 200000 games ok, 66.7 steps per game, focus bot averages +0.00 ± 0.03 per hand, -0.003 ± 0.011 over the baseline, thinking median 0.0 ms, p99 0 ms, at most 1 ms per decision (baseline median 0.0 ms, p99 0 ms, at most 0 ms per decision) (28 s)
temper-0.4vs-0.2 | gshs | gshs: 200000 games ok, 64.4 steps per game, focus bot averages -0.05 ± 0.05 per hand, -0.010 ± 0.012 over the baseline, thinking median 0.0 ms, p99 0 ms, at most 0 ms per decision (baseline median 0.0 ms, p99 0 ms, at most 0 ms per decision) (27 s)
temper-0.4vs-0.2 | default | default: 200000 games ok, 66.9 steps per game, focus bot averages -0.03 ± 0.03 per hand, -0.038 ± 0.010 over the baseline, thinking median 0.0 ms, p99 0 ms, at most 1 ms per decision (baseline median 0.0 ms, p99 0 ms, at most 0 ms per decision) (26 s)
easy-vs-normal base/sim | gshs | gshs: 100000 games ok, 65.9 steps per game, focus bot averages -1.16 ± 0.07 per hand, -1.143 ± 0.053 over the baseline, thinking median 0.0 ms, p99 0 ms, at most 1 ms per decision (baseline median 0.0 ms, p99 0 ms, at most 0 ms per decision) (31 s)
easy-vs-normal ./sim | gshs | gshs: 100000 games ok, 64.5 steps per game, focus bot averages -0.69 ± 0.06 per hand, -0.658 ± 0.052 over the baseline, thinking median 0.0 ms, p99 0 ms, at most 9 ms per decision (baseline median 0.0 ms, p99 0 ms, at most 14 ms per decision) (34 s)
easy-vs-normal base/sim | default | default: 100000 games ok, 67.0 steps per game, focus bot averages -0.70 ± 0.05 per hand, -0.699 ± 0.034 over the baseline, thinking median 0.0 ms, p99 0 ms, at most 2 ms per decision (baseline median 0.0 ms, p99 0 ms, at most 1 ms per decision) (31 s)
easy-vs-normal ./sim | default | default: 100000 games ok, 67.1 steps per game, focus bot averages -0.46 ± 0.04 per hand, -0.452 ± 0.034 over the baseline, thinking median 0.0 ms, p99 0 ms, at most 0 ms per decision (baseline median 0.0 ms, p99 0 ms, at most 0 ms per decision) (29 s)
hard-redeal0 | gshs | gshs: 1000 games ok, 64.3 steps per game, focus bot averages +3.81 ± 0.71 per hand, +0.136 ± 0.342 over the baseline, thinking median 123.0 ms, p99 340 ms, at most 758 ms per decision (baseline median 126.8 ms, p99 368 ms, at most 899 ms per decision) (663 s)
hard-all | gshs | gshs: 1000 games ok, 64.3 steps per game, focus bot averages +3.81 ± 0.71 per hand, -0.069 ± 0.562 over the baseline, thinking median 127.7 ms, p99 353 ms, at most 836 ms per decision (baseline median 119.4 ms, p99 333 ms, at most 645 ms per decision) (671 s)
hard-redeal0 | default | default: 1000 games ok, 66.8 steps per game, focus bot averages +3.12 ± 0.61 per hand, +0.129 ± 0.202 over the baseline, thinking median 135.3 ms, p99 494 ms, at most 828 ms per decision (baseline median 135.9 ms, p99 499 ms, at most 1020 ms per decision) (725 s)
hard-all | default | default: 1000 games ok, 66.8 steps per game, focus bot averages +3.12 ± 0.61 per hand, +0.064 ± 0.443 over the baseline, thinking median 111.1 ms, p99 239 ms, at most 561 ms per decision (baseline median 105.8 ms, p99 223 ms, at most 498 ms per decision) (514 s)
hard-all-2 | gshs | gshs: 3000 games ok, 64.3 steps per game, focus bot averages +3.84 ± 0.42 per hand, -0.171 ± 0.329 over the baseline, thinking median 130.5 ms, p99 562 ms, at most 1258 ms per decision (baseline median 122.9 ms, p99 546 ms, at most 1147 ms per decision) (2242 s)
hard-redeal0-2 | gshs | gshs: 2000 games ok, 64.3 steps per game, focus bot averages +3.73 ± 0.51 per hand, -0.047 ± 0.285 over the baseline, thinking median 308.4 ms, p99 707 ms, at most 1333 ms per decision (baseline median 312.7 ms, p99 737 ms, at most 1364 ms per decision) (3248 s)
hard-all-2 | default | default: 2000 games ok, 66.9 steps per game, focus bot averages +3.13 ± 0.45 per hand, +0.113 ± 0.277 over the baseline, thinking median 219.2 ms, p99 622 ms, at most 961 ms per decision (baseline median 208.6 ms, p99 584 ms, at most 897 ms per decision) (2277 s)
